<?xml version="1.0" encoding="utf-8"?><testsuite errors="6" failures="0" name="pytest" skipped="19" tests="141" time="16.180"><testcase classname="tests.test_datatype" file="tests/test_datatype.py" line="3" name="test_package_encode_decode" time="0.001"></testcase><testcase classname="tests.test_mongodb.MongodbServiceStoreTestCase" file="tests/test_mongodb.py" line="22" name="test_fetch_by_name" time="0.001"></testcase><testcase classname="tests.test_mongodb.MongodbServiceStoreTestCase" file="tests/test_mongodb.py" line="31" name="test_save_service_default" time="0.001"></testcase><testcase classname="tests.test_mongodb.MongodbServiceStoreTestCase" file="tests/test_mongodb.py" line="50" name="test_save_service_public" time="0.001"></testcase><testcase classname="tests.test_mongodb.MongodbServiceStoreTestCase" file="tests/test_mongodb.py" line="40" name="test_save_service_with_special_name" time="0.001"></testcase><testcase classname="tests.test_opensearch" file="tests/test_opensearch.py" line="113" name="test_transform_execute_parameters_wps" time="0.001"></testcase><testcase classname="tests.test_opensearch" file="tests/test_opensearch.py" line="156" name="test_load_wkt" time="0.000"><skipped message="The user-provided bbox is now a comma delimited string, not a WKT." type="pytest.skip">tests/test_opensearch.py:156: The user-provided bbox is now a comma delimited string, not a WKT.</skipped></testcase><testcase classname="tests.test_opensearch" file="tests/test_opensearch.py" line="172" name="test_deploy_opensearch" time="1.110"><system-err>Resolved &apos;/tmp/tmpE0RozP/package&apos; to &apos;file:///tmp/tmpE0RozP/package&apos;
</system-err></testcase><testcase classname="tests.test_opensearch" file="tests/test_opensearch.py" line="207" name="test_handle_EOI_unique_aoi_unique_toi" time="0.010"></testcase><testcase classname="tests.test_opensearch" file="tests/test_opensearch.py" line="217" name="test_handle_EOI_unique_aoi_non_unique_toi" time="0.014"></testcase><testcase classname="tests.test_opensearch" file="tests/test_opensearch.py" line="227" name="test_handle_EOI_non_unique_aoi_unique_toi" time="0.011"></testcase><testcase classname="tests.test_opensearch" file="tests/test_opensearch.py" line="236" name="test_get_additional_parameters" time="0.000"></testcase><testcase classname="tests.test_opensearch" file="tests/test_opensearch.py" line="253" name="test_get_template_urls" time="0.634"></testcase><testcase classname="tests.test_opensearch" file="tests/test_opensearch.py" line="389" name="test_query_sentinel2" time="1.223"></testcase><testcase classname="tests.test_opensearch" file="tests/test_opensearch.py" line="398" name="test_query_probav" time="1.250"><skipped message="expected test failure">Cannot login to protected &apos;probav&apos; opensearch endpoint.</skipped></testcase><testcase classname="tests.test_opensearch" file="tests/test_opensearch.py" line="408" name="test_query_deimos" time="0.002"><skipped message="The server is not implemented yet." type="pytest.skip">tests/test_opensearch.py:408: The server is not implemented yet.</skipped></testcase><testcase classname="tests.test_opensearch" file="tests/test_opensearch.py" line="418" name="test_query_non_unique" time="1.144"><skipped message="expected test failure">Cannot login to protected &apos;probav&apos; opensearch endpoint.</skipped></testcase><testcase classname="tests.test_owsexceptions" file="tests/test_owsexceptions.py" line="3" name="test_owsexceptions_json_formatter" time="0.000"></testcase><testcase classname="tests.test_owsrequest_wms.OWSRequestWmsTestCase" file="tests/test_owsrequest_wms.py" line="20" name="test_get_getcaps_request" time="0.003"></testcase><testcase classname="tests.test_owsrequest_wms.OWSRequestWmsTestCase" file="tests/test_owsrequest_wms.py" line="30" name="test_get_getcaps_request_downcase" time="0.003"></testcase><testcase classname="tests.test_owsrequest_wms.OWSRequestWmsTestCase" file="tests/test_owsrequest_wms.py" line="46" name="test_get_getmetadata_request" time="0.003"></testcase><testcase classname="tests.test_owsrequest_wms.OWSRequestWmsTestCase" file="tests/utils.py" line="33" name="test_get_invalid_request" time="0.004"></testcase><testcase classname="tests.test_owsrequest_wps.OWSRequestWpsTestCase" file="tests/test_owsrequest_wps.py" line="27" name="test_get_describeprocess_request" time="0.004"></testcase><testcase classname="tests.test_owsrequest_wps.OWSRequestWpsTestCase" file="tests/test_owsrequest_wps.py" line="35" name="test_get_execute_request" time="0.007"></testcase><testcase classname="tests.test_owsrequest_wps.OWSRequestWpsTestCase" file="tests/utils.py" line="33" name="test_get_false_request" time="0.005"></testcase><testcase classname="tests.test_owsrequest_wps.OWSRequestWpsTestCase" file="tests/utils.py" line="33" name="test_get_false_service" time="0.004"></testcase><testcase classname="tests.test_owsrequest_wps.OWSRequestWpsTestCase" file="tests/test_owsrequest_wps.py" line="20" name="test_get_getcaps_request" time="0.003"></testcase><testcase classname="tests.test_owsrequest_wps.OWSRequestWpsTestCase" file="tests/utils.py" line="33" name="test_get_missing_request" time="0.004"></testcase><testcase classname="tests.test_owsrequest_wps.OWSRequestWpsTestCase" file="tests/utils.py" line="33" name="test_get_missing_service" time="0.005"></testcase><testcase classname="tests.test_owsrequest_wps.OWSRequestWpsTestCase" file="tests/test_owsrequest_wps.py" line="95" name="test_post_describeprocess_request" time="0.003"></testcase><testcase classname="tests.test_owsrequest_wps.OWSRequestWpsTestCase" file="tests/test_owsrequest_wps.py" line="107" name="test_post_execute_request" time="0.003"></testcase><testcase classname="tests.test_owsrequest_wps.OWSRequestWpsTestCase" file="tests/utils.py" line="33" name="test_post_false_request" time="0.003"></testcase><testcase classname="tests.test_owsrequest_wps.OWSRequestWpsTestCase" file="tests/utils.py" line="33" name="test_post_false_service" time="0.003"></testcase><testcase classname="tests.test_owsrequest_wps.OWSRequestWpsTestCase" file="tests/test_owsrequest_wps.py" line="71" name="test_post_getcaps_request" time="0.003"></testcase><testcase classname="tests.test_utils" file="tests/test_utils.py" line="14" name="test_is_url_valid" time="0.000"></testcase><testcase classname="tests.test_utils" file="tests/test_utils.py" line="22" name="test_parse_service_name" time="0.001"></testcase><testcase classname="tests.test_utils" file="tests/test_utils.py" line="33" name="test_get_url_without_query" time="0.000"></testcase><testcase classname="tests.test_utils" file="tests/test_utils.py" line="42" name="test_get_base_url" time="0.000"></testcase><testcase classname="tests.test_utils" file="tests/test_utils.py" line="52" name="test_path_elements" time="0.000"></testcase><testcase classname="tests.test_utils" file="tests/test_utils.py" line="58" name="test_lxml_strip_ns" time="0.000"></testcase><testcase classname="tests.test_utils" file="tests/test_utils.py" line="74" name="test_replace_caps_url_wps" time="0.001"></testcase><testcase classname="tests.test_utils" file="tests/test_utils.py" line="83" name="test_replace_caps_url_wms_111" time="0.002"></testcase><testcase classname="tests.test_utils" file="tests/test_utils.py" line="92" name="test_replace_caps_url_wms_130" time="0.002"></testcase><testcase classname="tests.test_utils" file="tests/test_utils.py" line="110" name="test_parse_request_query_basic" time="0.000"></testcase><testcase classname="tests.test_utils" file="tests/test_utils.py" line="125" name="test_parse_request_query_many_datainputs_multi_case" time="0.001"></testcase><testcase classname="tests.test_utils" file="tests/test_utils.py" line="151" name="test_pass_http_error_doesnt_raise_single_pyramid_error" time="0.001"></testcase><testcase classname="tests.test_utils" file="tests/test_utils.py" line="165" name="test_pass_http_error_doesnt_raise_multi_pyramid_error" time="0.001"></testcase><testcase classname="tests.test_utils" file="tests/test_utils.py" line="179" name="test_pass_http_error_doesnt_raise_requests_error" time="0.000"></testcase><testcase classname="tests.test_utils" file="tests/test_utils.py" line="194" name="test_pass_http_error_raises_pyramid_error_with_single_pyramid_error" time="0.000"></testcase><testcase classname="tests.test_utils" file="tests/test_utils.py" line="202" name="test_pass_http_error_raises_pyramid_error_with_multi_pyramid_error" time="0.000"></testcase><testcase classname="tests.test_utils" file="tests/test_utils.py" line="210" name="test_pass_http_error_raises_requests_error_with_single_pyramid_error" time="0.000"></testcase><testcase classname="tests.test_utils" file="tests/test_utils.py" line="218" name="test_pass_http_error_raises_requests_error_with_multi_pyramid_error" time="0.000"></testcase><testcase classname="tests.test_utils" file="tests/test_utils.py" line="226" name="test_pass_http_error_raises_other_error_with_single_pyramid_error" time="0.000"></testcase><testcase classname="tests.test_utils" file="tests/test_utils.py" line="234" name="test_pass_http_error_raises_other_error_with_multi_pyramid_error" time="0.000"></testcase><testcase classname="tests.test_utils" file="tests/test_utils.py" line="249" name="test_map_status_ogc_compliant" time="0.000"></testcase><testcase classname="tests.test_utils" file="tests/test_utils.py" line="256" name="test_map_status_pywps_compliant" time="0.000"></testcase><testcase classname="tests.test_utils" file="tests/test_utils.py" line="263" name="test_map_status_owslib_compliant" time="0.001"></testcase><testcase classname="tests.test_utils" file="tests/test_utils.py" line="270" name="test_map_status_back_compatibility_and_special_cases" time="0.001"></testcase><testcase classname="tests.test_utils" file="tests/test_utils.py" line="275" name="test_map_status_pywps_compliant_as_int_statuses" time="0.000"></testcase><testcase classname="tests.test_utils" file="tests/test_utils.py" line="282" name="test_map_status_pywps_back_and_forth" time="0.000"></testcase><testcase classname="tests.test_utils" file="tests/test_utils.py" line="287" name="test_get_sane_name_replace" time="0.001"></testcase><testcase classname="tests.test_utils" file="tests/test_utils.py" line="297" name="test_assert_sane_name" time="0.000"></testcase><testcase classname="tests.functional.test_ems_end2end.End2EndEMSTestCase" file="tests/functional/test_ems_end2end.py" line="645" name="test_demo_workflow_S2_and_ProbaV" time="0.968"><error message="test setup failure">Traceback (most recent call last):
  File &quot;/home/francis/VISI/PAVICS/weaver/tests/functional/test_ems_end2end.py&quot;, line 157, in setUpClass
    cls.setup_test_processes()
  File &quot;/home/francis/VISI/PAVICS/weaver/tests/functional/test_ems_end2end.py&quot;, line 238, in setup_test_processes
    cls.test_processes_info.update({process: cls.retrieve_process_info(process)})
  File &quot;/home/francis/VISI/PAVICS/weaver/tests/functional/test_ems_end2end.py&quot;, line 273, in retrieve_process_info
    deploy_payload = cls.retrieve_payload(deploy_path)
  File &quot;/home/francis/VISI/PAVICS/weaver/tests/functional/test_ems_end2end.py&quot;, line 302, in retrieve_payload
    cls.assert_response(resp, message=&quot;Invalid payload not retrieved.&quot;)
  File &quot;/home/francis/VISI/PAVICS/weaver/tests/functional/test_ems_end2end.py&quot;, line 498, in assert_response
    message=msg, title=&quot;Response Assertion Failed&quot;)
  File &quot;/home/francis/VISI/PAVICS/weaver/tests/functional/test_ems_end2end.py&quot;, line 505, in assert_test
    assert assert_test(), message
AssertionError: Unexpected HTTP Status: 404 Not Found [Invalid payload not retrieved., 404: Not Found
  ] from [GET https://raw.githubusercontent.com/crim-ca/testbed14/master/application-packages/WorkflowSubsetIceDays/DeployProcess_WorkflowSubsetIceDays.json None]
assert False
 +  where False = &lt;function &lt;lambda&gt; at 0x7fb9a081ed70&gt;()</error><system-err>################################################################################
Start of &apos;End2EndEMSTestCase&apos;: 2019-03-14 16:18:40.325752+00:00
################################################################################

================================================================================
Request Details:
  Request: GET https://localhost:4000
  Payload: null
  Headers: {&apos;Content-Type&apos;: &apos;application/json&apos;, &apos;Accept&apos;: &apos;application/json&apos;}
  Cookies: {}
  Status:  200 (expected)
  Message: None (expected)
  Module:  requests

--------------------------------------------------------------------------------
Response Details:
  Status:  200 (received)
  Content: application/json
  Payload: {&quot;message&quot;: &quot;Weaver Information&quot;, &quot;configuration&quot;: &quot;EMS&quot;, &quot;parameters&quot;: [{&quot;url&quot;: &quot;https://localhost:4000&quot;, &quot;doc&quot;: &quot;https://localhost:4000/api&quot;, &quot;ref&quot;: &quot;https://github.com/opengeospatial/D009-ADES_and_EMS_Results_and_Best_Practices_Engineering_Report/blob/master/code/ades_wpst.json&quot;, &quot;name&quot;: &quot;api&quot;, &quot;enabled&quot;: true}, {&quot;url&quot;: &quot;https://localhost:4000/ows/wps&quot;, &quot;enabled&quot;: true, &quot;name&quot;: &quot;wps&quot;}]}
  Headers: {&apos;Content-Length&apos;: &apos;392&apos;, &apos;X-Content-Type-Options&apos;: &apos;nosniff&apos;, &apos;Server&apos;: &apos;nginx/1.15.5&apos;, &apos;Connection&apos;: &apos;keep-alive&apos;, &apos;Date&apos;: &apos;Thu, 14 Mar 2019 16:18:40 GMT&apos;, &apos;Content-Type&apos;: &apos;application/json&apos;}

================================================================================
Request Details:
  Request: GET https://localhost:4000
  Payload: null
  Headers: {&apos;Content-Type&apos;: &apos;application/json&apos;, &apos;Accept&apos;: &apos;application/json&apos;}
  Cookies: {}
  Status:  200 (expected)
  Message: None (expected)
  Module:  requests

--------------------------------------------------------------------------------
Response Details:
  Status:  200 (received)
  Content: application/json
  Payload: {&quot;message&quot;: &quot;Weaver Information&quot;, &quot;configuration&quot;: &quot;EMS&quot;, &quot;parameters&quot;: [{&quot;url&quot;: &quot;https://localhost:4000&quot;, &quot;doc&quot;: &quot;https://localhost:4000/api&quot;, &quot;ref&quot;: &quot;https://github.com/opengeospatial/D009-ADES_and_EMS_Results_and_Best_Practices_Engineering_Report/blob/master/code/ades_wpst.json&quot;, &quot;name&quot;: &quot;api&quot;, &quot;enabled&quot;: true}, {&quot;url&quot;: &quot;https://localhost:4000/ows/wps&quot;, &quot;enabled&quot;: true, &quot;name&quot;: &quot;wps&quot;}]}
  Headers: {&apos;Content-Length&apos;: &apos;392&apos;, &apos;X-Content-Type-Options&apos;: &apos;nosniff&apos;, &apos;Server&apos;: &apos;nginx/1.15.5&apos;, &apos;Connection&apos;: &apos;keep-alive&apos;, &apos;Date&apos;: &apos;Thu, 14 Mar 2019 16:18:40 GMT&apos;, &apos;Content-Type&apos;: &apos;application/json&apos;}

================================================================================
Request Details:
  Request: GET https://raw.githubusercontent.com/crim-ca/testbed14/master/application-packages/WorkflowS2ProbaV/DeployProcess_WorkflowS2ProbaV.json
  Payload: None
  Headers: {}
  Cookies: {}
  Status:  None (expected)
  Message: None (expected)
  Module:  requests

--------------------------------------------------------------------------------
Response Details:
  Status:  200 (received)
  Content: text/plain; charset=utf-8
  Payload: {
	&quot;processDescription&quot;: {
		&quot;process&quot;: {
			&quot;id&quot;: &quot;WorkflowS2ProbaV&quot;,
			&quot;title&quot;: &quot;Workflow&quot;,
			&quot;abstract&quot;: &quot;Workflow that stacks images from Sentinel2 and ProbaV data sources from OpenSearch queries, then runs SFS on the stacked image.&quot;,
			&quot;keywords&quot;: [],
			&quot;inputs&quot;: [{
				&quot;id&quot;: &quot;image-s2&quot;,
				&quot;title&quot;: &quot;Input Image&quot;,
				&quot;formats&quot;: [{
					&quot;mimeType&quot;: &quot;application/zip&quot;,
					&quot;default&quot;: true
				}],
				&quot;minOccurs&quot;: &quot;1&quot;,
				&quot;maxOccurs&quot;: &quot;2&quot;,
				&quot;additionalParameters&quot;: [{
					&quot;role&quot;: &quot;http://www.opengis.net/eoc/applicationContext/inputMetadata&quot;,
					&quot;parameters&quot;: [{
						&quot;name&quot;: &quot;EOImage&quot;,
						&quot;values&quot;: [&quot;true&quot;]
					}]
				}]
			},
			{
				&quot;id&quot;: &quot;image-probav&quot;,
				&quot;title&quot;: &quot;Input Image&quot;,
				&quot;formats&quot;: [{
					&quot;mimeType&quot;: &quot;application/zip&quot;,
					&quot;default&quot;: true
				},
				{
					&quot;mimeType&quot;: &quot;application/x-hdf&quot;
				},
				{
					&quot;mimeType&quot;: &quot;application/x-binary&quot;
				}],
				&quot;minOccurs&quot;: &quot;1&quot;,
				&quot;maxOccurs&quot;: &quot;2&quot;,
				&quot;additionalParameters&quot;: [{
					&quot;role&quot;: &quot;http://www.opengis.net/eoc/applicationContext/inputMetadata&quot;,
					&quot;parameters&quot;: [{
						&quot;name&quot;: &quot;EOImage&quot;,
						&quot;values&quot;: [&quot;true&quot;]
					}]
				}]
			}],
			&quot;outputs&quot;: [{
				&quot;id&quot;: &quot;output&quot;,
				&quot;title&quot;: &quot;Workflow SFS Image&quot;,
				&quot;formats&quot;: [{
					&quot;mimeType&quot;: &quot;application/zip&quot;,
					&quot;default&quot;: true
				}]
			}]
		},
		&quot;processVersion&quot;: &quot;1.0.0&quot;,
		&quot;jobControlOptions&quot;: [&quot;async-execute&quot;],
		&quot;outputTransmission&quot;: [&quot;reference&quot;]
	},
	&quot;executionUnit&quot;: [{
		&quot;unit&quot;: {
			&quot;cwlVersion&quot;: &quot;v1.0&quot;,
			&quot;class&quot;: &quot;Workflow&quot;,
			&quot;requirements&quot;: [{
				&quot;class&quot;: &quot;StepInputExpressionRequirement&quot;
			},
			{
				&quot;class&quot;: &quot;MultipleInputFeatureRequirement&quot;
			}],
			&quot;inputs&quot;: {
				&quot;image-s2&quot;: &quot;File[]&quot;,
				&quot;image-probav&quot;: &quot;File[]&quot;
			},
			&quot;outputs&quot;: {
				&quot;classout&quot;: {
					&quot;type&quot;: &quot;File&quot;,
					&quot;outputSource&quot;: &quot;sfs/output&quot;
				}
			},
			&quot;steps&quot;: {
				&quot;stacker_s2&quot;: {
					&quot;run&quot;: &quot;Stacker.cwl&quot;,
					&quot;in&quot;: {
						&quot;files&quot;: &quot;image-s2&quot;
					},
					&quot;out&quot;: [&quot;output&quot;]
				},
				&quot;stacker_probav&quot;: {
					&quot;run&quot;: &quot;Stacker.cwl&quot;,
					&quot;in&quot;: {
						&quot;files&quot;: &quot;image-probav&quot;
					},
					&quot;out&quot;: [&quot;output&quot;]
				},
				&quot;stack_creation&quot;: {
					&quot;run&quot;: &quot;Stacker.cwl&quot;,
					&quot;in&quot;: {
						&quot;files&quot;: [&quot;stacker_s2/output&quot;,
						&quot;stacker_probav/output&quot;]
					},
					&quot;out&quot;: [&quot;output&quot;]
				},
				&quot;sfs&quot;: {
					&quot;run&quot;: &quot;SFS.cwl&quot;,
					&quot;in&quot;: {
						&quot;source_product&quot;: &quot;stack_creation/output&quot;
					},
					&quot;out&quot;: [&quot;output&quot;]
				}
			}
		}
	}],
	&quot;deploymentProfileName&quot;: &quot;http://www.opengis.net/profiles/eoc/workflow&quot;
}

  Headers: {&apos;Content-Length&apos;: &apos;746&apos;, &apos;X-XSS-Protection&apos;: &apos;1; mode=block&apos;, &apos;Content-Security-Policy&apos;: &quot;default-src &apos;none&apos;; style-src &apos;unsafe-inline&apos;; sandbox&quot;, &apos;X-Cache-Hits&apos;: &apos;0&apos;, &apos;X-Frame-Options&apos;: &apos;deny&apos;, &apos;Access-Control-Allow-Origin&apos;: &apos;*&apos;, &apos;X-Served-By&apos;: &apos;cache-yul8922-YUL&apos;, &apos;X-GitHub-Request-Id&apos;: &apos;7EFA:609B:1CD646:1FE54A:5C8A7EE0&apos;, &apos;Expires&apos;: &apos;Thu, 14 Mar 2019 16:23:40 GMT&apos;, &apos;X-Fastly-Request-ID&apos;: &apos;8db4ed6ea5a617efadcd6d41982280c42b39e76e&apos;, &apos;Date&apos;: &apos;Thu, 14 Mar 2019 16:18:40 GMT&apos;, &apos;Source-Age&apos;: &apos;0&apos;, &apos;X-Cache&apos;: &apos;MISS&apos;, &apos;Accept-Ranges&apos;: &apos;bytes&apos;, &apos;Strict-Transport-Security&apos;: &apos;max-age=31536000&apos;, &apos;Connection&apos;: &apos;keep-alive&apos;, &apos;X-Geo-Block-List&apos;: &apos;&apos;, &apos;Via&apos;: &apos;1.1 varnish&apos;, &apos;X-Content-Type-Options&apos;: &apos;nosniff&apos;, &apos;Content-Encoding&apos;: &apos;gzip&apos;, &apos;X-Timer&apos;: &apos;S1552580320.281610,VS0,VE54&apos;, &apos;Vary&apos;: &apos;Authorization,Accept-Encoding&apos;, &apos;ETag&apos;: &apos;&quot;d3c8f691f9133a81fa733582df044707e4c596cd&quot;&apos;, &apos;Cache-Control&apos;: &apos;max-age=300&apos;, &apos;Content-Type&apos;: &apos;text/plain; charset=utf-8&apos;}

================================================================================
Request Details:
  Request: GET https://raw.githubusercontent.com/crim-ca/testbed14/master/application-packages/WorkflowS2ProbaV/Execute_WorkflowS2ProbaV.json
  Payload: None
  Headers: {}
  Cookies: {}
  Status:  None (expected)
  Message: None (expected)
  Module:  requests

--------------------------------------------------------------------------------
Response Details:
  Status:  200 (received)
  Content: text/plain; charset=utf-8
  Payload: {
  &quot;mode&quot;: &quot;async&quot;,
  &quot;response&quot;: &quot;document&quot;,
  &quot;inputs&quot;: [
    {
       &quot;id&quot;: &quot;image-s2_collection&quot;,
      &quot;data&quot; :&quot;EOP:IPT:Sentinel2&quot;
    },
	{
       &quot;id&quot;: &quot;image-probav_collection&quot;,
      &quot;data&quot; :&quot;EOP:VITO:PROBAV_S1-TOA_1KM_V001&quot;
    },
    {
      &quot;id&quot;: &quot;aoi&quot;,
      &quot;data&quot;: &quot;100.4,18.3,104.6,19.3&quot;
    },
    {
      &quot;id&quot;: &quot;StartDate&quot;,
      &quot;data&quot;: &quot;2018-01-30T00:00:00.000Z&quot;
    },
    {
      &quot;id&quot;: &quot;EndDate&quot;,
      &quot;data&quot;: &quot;2018-01-31T23:00:59.000Z&quot;
    }
  ],
  &quot;outputs&quot;: [
    {
      &quot;id&quot;: &quot;output&quot;,
      &quot;transmissionMode&quot;: &quot;reference&quot;
    }
  ]
}
  Headers: {&apos;Content-Length&apos;: &apos;285&apos;, &apos;X-XSS-Protection&apos;: &apos;1; mode=block&apos;, &apos;Content-Security-Policy&apos;: &quot;default-src &apos;none&apos;; style-src &apos;unsafe-inline&apos;; sandbox&quot;, &apos;X-Cache-Hits&apos;: &apos;0&apos;, &apos;X-Frame-Options&apos;: &apos;deny&apos;, &apos;Access-Control-Allow-Origin&apos;: &apos;*&apos;, &apos;X-Served-By&apos;: &apos;cache-yul8925-YUL&apos;, &apos;X-GitHub-Request-Id&apos;: &apos;A86A:7946:1008B2:11C8A0:5C8A7EE0&apos;, &apos;Expires&apos;: &apos;Thu, 14 Mar 2019 16:23:40 GMT&apos;, &apos;X-Fastly-Request-ID&apos;: &apos;53291682950e4464fa645096b87cdc65e20ad359&apos;, &apos;Date&apos;: &apos;Thu, 14 Mar 2019 16:18:40 GMT&apos;, &apos;Source-Age&apos;: &apos;0&apos;, &apos;X-Cache&apos;: &apos;MISS&apos;, &apos;Accept-Ranges&apos;: &apos;bytes&apos;, &apos;Strict-Transport-Security&apos;: &apos;max-age=31536000&apos;, &apos;Connection&apos;: &apos;keep-alive&apos;, &apos;X-Geo-Block-List&apos;: &apos;&apos;, &apos;Via&apos;: &apos;1.1 varnish&apos;, &apos;X-Content-Type-Options&apos;: &apos;nosniff&apos;, &apos;Content-Encoding&apos;: &apos;gzip&apos;, &apos;X-Timer&apos;: &apos;S1552580320.345876,VS0,VE81&apos;, &apos;Vary&apos;: &apos;Authorization,Accept-Encoding&apos;, &apos;ETag&apos;: &apos;&quot;222decbef7181dfcc652d9fef9d15d30f401dd88&quot;&apos;, &apos;Cache-Control&apos;: &apos;max-age=300&apos;, &apos;Content-Type&apos;: &apos;text/plain; charset=utf-8&apos;}

================================================================================
Request Details:
  Request: GET https://raw.githubusercontent.com/crim-ca/testbed14/master/application-packages/FloodDetection/DeployProcess_FloodDetection.json
  Payload: None
  Headers: {}
  Cookies: {}
  Status:  None (expected)
  Message: None (expected)
  Module:  requests

--------------------------------------------------------------------------------
Response Details:
  Status:  200 (received)
  Content: text/plain; charset=utf-8
  Payload: {
    &quot;processDescription&quot;: {
        &quot;process&quot;: {
            &quot;id&quot;: &quot;FloodDetection&quot;,
            &quot;title&quot;: &quot;FloodDetection&quot;,
            &quot;abstract&quot;: &quot;&quot;,
            &quot;keywords&quot;: [],
            &quot;owsContext&quot;: {
                &quot;offering&quot;: {
                    &quot;code&quot;: &quot;http://www.opengis.net/eoc/applicationContext/cwl&quot;,
                    &quot;content&quot;: {
                        &quot;href&quot;: &quot;https://raw.githubusercontent.com/crim-ca/testbed14/master/application-packages/FloodDetection/FloodDetection.cwl&quot;
                    }
                }
            },
            &quot;inputs&quot;: [
                {
                    &quot;id&quot;: &quot;source_product&quot;,
                    &quot;title&quot;: &quot;Source Product&quot;,
                    &quot;formats&quot;: [
                        {
                            &quot;mimeType&quot;: &quot;application/zip&quot;,
                            &quot;default&quot;: true
                        }
                    ],
                    &quot;minOccurs&quot;: &quot;1&quot;,
                    &quot;maxOccurs&quot;: &quot;1&quot;
                }
            ],
            &quot;outputs&quot;: [
                {
                    &quot;id&quot;: &quot;output&quot;,
                    &quot;title&quot;: &quot;FloodDetection Image&quot;,
                    &quot;formats&quot;: [
                        {
                            &quot;mimeType&quot;: &quot;application/zip&quot;,
                            &quot;default&quot;: true
                        }
                    ]
                }
            ]
        },
        &quot;processVersion&quot;: &quot;1.0.0&quot;,
        &quot;jobControlOptions&quot;: [
            &quot;async-execute&quot;
        ],
        &quot;outputTransmission&quot;: [
            &quot;reference&quot;
        ]
    },
    &quot;executionUnit&quot;: [
        {
            &quot;href&quot;: &quot;docker-registry.crim.ca/ogc-public/snap6-flood-detection:v2.12&quot;
        }
    ],
    &quot;deploymentProfileName&quot;: &quot;http://www.opengis.net/profiles/eoc/dockerizedApplication&quot;
}

  Headers: {&apos;Content-Length&apos;: &apos;541&apos;, &apos;X-XSS-Protection&apos;: &apos;1; mode=block&apos;, &apos;Content-Security-Policy&apos;: &quot;default-src &apos;none&apos;; style-src &apos;unsafe-inline&apos;; sandbox&quot;, &apos;X-Cache-Hits&apos;: &apos;0&apos;, &apos;X-Frame-Options&apos;: &apos;deny&apos;, &apos;Access-Control-Allow-Origin&apos;: &apos;*&apos;, &apos;X-Served-By&apos;: &apos;cache-yul8922-YUL&apos;, &apos;X-GitHub-Request-Id&apos;: &apos;7242:0AC7:1B8855:1E7228:5C8A7EE0&apos;, &apos;Expires&apos;: &apos;Thu, 14 Mar 2019 16:23:40 GMT&apos;, &apos;X-Fastly-Request-ID&apos;: &apos;d3c103e1da16f9ee0d98c77031cf38c7f84d071b&apos;, &apos;Date&apos;: &apos;Thu, 14 Mar 2019 16:18:40 GMT&apos;, &apos;Source-Age&apos;: &apos;0&apos;, &apos;X-Cache&apos;: &apos;MISS&apos;, &apos;Accept-Ranges&apos;: &apos;bytes&apos;, &apos;Strict-Transport-Security&apos;: &apos;max-age=31536000&apos;, &apos;Connection&apos;: &apos;keep-alive&apos;, &apos;X-Geo-Block-List&apos;: &apos;&apos;, &apos;Via&apos;: &apos;1.1 varnish&apos;, &apos;X-Content-Type-Options&apos;: &apos;nosniff&apos;, &apos;Content-Encoding&apos;: &apos;gzip&apos;, &apos;X-Timer&apos;: &apos;S1552580320.461324,VS0,VE81&apos;, &apos;Vary&apos;: &apos;Authorization,Accept-Encoding&apos;, &apos;ETag&apos;: &apos;&quot;5d4d1fe505c6b1acf77115451229050a5e1d3e67&quot;&apos;, &apos;Cache-Control&apos;: &apos;max-age=300&apos;, &apos;Content-Type&apos;: &apos;text/plain; charset=utf-8&apos;}

================================================================================
Request Details:
  Request: GET https://raw.githubusercontent.com/crim-ca/testbed14/master/application-packages/FloodDetection/Execute_FloodDetection.json
  Payload: None
  Headers: {}
  Cookies: {}
  Status:  None (expected)
  Message: None (expected)
  Module:  requests

--------------------------------------------------------------------------------
Response Details:
  Status:  200 (received)
  Content: text/plain; charset=utf-8
  Payload: {
  &quot;mode&quot;: &quot;async&quot;,
  &quot;response&quot;: &quot;document&quot;,
  &quot;inputs&quot;: [
    {
      &quot;id&quot;: &quot;source_product&quot;,
      &quot;href&quot;: &quot;https://ogc-ems.crim.ca/twitcher/wpsoutputs/sfs_output.dim.zip&quot;
    }
  ],
  &quot;outputs&quot;: [
    {
      &quot;id&quot;: &quot;output&quot;,
      &quot;transmissionMode&quot;: &quot;reference&quot;
    }
  ]
}

  Headers: {&apos;Content-Length&apos;: &apos;183&apos;, &apos;X-XSS-Protection&apos;: &apos;1; mode=block&apos;, &apos;Content-Security-Policy&apos;: &quot;default-src &apos;none&apos;; style-src &apos;unsafe-inline&apos;; sandbox&quot;, &apos;X-Cache-Hits&apos;: &apos;0&apos;, &apos;X-Frame-Options&apos;: &apos;deny&apos;, &apos;Access-Control-Allow-Origin&apos;: &apos;*&apos;, &apos;X-Served-By&apos;: &apos;cache-yul8922-YUL&apos;, &apos;X-GitHub-Request-Id&apos;: &apos;7E02:49EB:1A2C5A:1D165E:5C8A7EE0&apos;, &apos;Expires&apos;: &apos;Thu, 14 Mar 2019 16:23:40 GMT&apos;, &apos;X-Fastly-Request-ID&apos;: &apos;2311e77819989c021029115942db362ccfc60c52&apos;, &apos;Date&apos;: &apos;Thu, 14 Mar 2019 16:18:40 GMT&apos;, &apos;Source-Age&apos;: &apos;0&apos;, &apos;X-Cache&apos;: &apos;MISS&apos;, &apos;Accept-Ranges&apos;: &apos;bytes&apos;, &apos;Strict-Transport-Security&apos;: &apos;max-age=31536000&apos;, &apos;Connection&apos;: &apos;keep-alive&apos;, &apos;X-Geo-Block-List&apos;: &apos;&apos;, &apos;Via&apos;: &apos;1.1 varnish&apos;, &apos;X-Content-Type-Options&apos;: &apos;nosniff&apos;, &apos;Content-Encoding&apos;: &apos;gzip&apos;, &apos;X-Timer&apos;: &apos;S1552580321.576337,VS0,VE111&apos;, &apos;Vary&apos;: &apos;Authorization,Accept-Encoding&apos;, &apos;ETag&apos;: &apos;&quot;a9c26dcffb9fb02655e42959883c7b1e053a5a2c&quot;&apos;, &apos;Cache-Control&apos;: &apos;max-age=300&apos;, &apos;Content-Type&apos;: &apos;text/plain; charset=utf-8&apos;}

================================================================================
Request Details:
  Request: GET https://raw.githubusercontent.com/crim-ca/testbed14/master/application-packages/WorkflowSimpleChain/DeployProcess_WorkflowSimpleChain.json
  Payload: None
  Headers: {}
  Cookies: {}
  Status:  None (expected)
  Message: None (expected)
  Module:  requests

--------------------------------------------------------------------------------
Response Details:
  Status:  200 (received)
  Content: text/plain; charset=utf-8
  Payload: {
	&quot;processDescription&quot;: {
		&quot;process&quot;: {
			&quot;id&quot;: &quot;WorkflowSimpleChain&quot;,
			&quot;title&quot;: &quot;Workflow&quot;,
			&quot;abstract&quot;: &quot;Workflow that directly specifies the CWL operations in the execution unit.&quot;,
			&quot;keywords&quot;: [],
			&quot;inputs&quot;: [{
				&quot;id&quot;: &quot;input_files&quot;,
				&quot;title&quot;: &quot;Input Image&quot;,
				&quot;formats&quot;: [
					{
						&quot;mimeType&quot;: &quot;application/zip&quot;,
						&quot;default&quot;: true
					},
					{
						&quot;mimeType&quot;: &quot;application/x-hdf&quot;
					},
					{
						&quot;mimeType&quot;: &quot;application/x-binary&quot;
					},
					{
						&quot;mimeType&quot;: &quot;image/tiff&quot;
					}
				],
				&quot;minOccurs&quot;: &quot;1&quot;,
				&quot;maxOccurs&quot;: &quot;2&quot;,
				&quot;additionalParameters&quot;: [{
					&quot;role&quot;: &quot;http://www.opengis.net/eoc/applicationContext/inputMetadata&quot;,
					&quot;parameters&quot;: [{
						&quot;name&quot;: &quot;EOImage&quot;,
						&quot;values&quot;: [&quot;true&quot;]
					}]
				}]
			}],
			&quot;outputs&quot;: [{
				&quot;id&quot;: &quot;output&quot;,
				&quot;title&quot;: &quot;Workflow SFS Image&quot;,
				&quot;formats&quot;: [{
					&quot;mimeType&quot;: &quot;application/zip&quot;,
					&quot;default&quot;: true
				}]
			}]
		},
		&quot;processVersion&quot;: &quot;1.0.0&quot;,
		&quot;jobControlOptions&quot;: [&quot;async-execute&quot;],
		&quot;outputTransmission&quot;: [&quot;reference&quot;]
	},
	&quot;executionUnit&quot;: [{
		&quot;unit&quot;: {
			&quot;cwlVersion&quot;: &quot;v1.0&quot;,
			&quot;class&quot;: &quot;Workflow&quot;,
			&quot;requirements&quot;: [{
				&quot;class&quot;: &quot;StepInputExpressionRequirement&quot;
			},
			{
				&quot;class&quot;: &quot;MultipleInputFeatureRequirement&quot;
			}],
			&quot;inputs&quot;: {
				&quot;input_files&quot;: &quot;File[]&quot;
			},
			&quot;outputs&quot;: {
				&quot;classout&quot;: {
					&quot;type&quot;: &quot;File&quot;,
					&quot;outputSource&quot;: &quot;sfs/output&quot;
				}
			},
			&quot;steps&quot;: {
				&quot;stacker&quot;: {
					&quot;run&quot;: &quot;Stacker.cwl&quot;,
					&quot;in&quot;: {
						&quot;files&quot;: &quot;input_files&quot;
					},
					&quot;out&quot;: [&quot;output&quot;]
				},
				&quot;sfs&quot;: {
					&quot;run&quot;: &quot;SFS.cwl&quot;,
					&quot;in&quot;: {
						&quot;source_product&quot;: &quot;stacker/output&quot;
					},
					&quot;out&quot;: [&quot;output&quot;]
				}
			}
		}
	}],
	&quot;deploymentProfileName&quot;: &quot;http://www.opengis.net/profiles/eoc/workflow&quot;
}

  Headers: {&apos;Content-Length&apos;: &apos;685&apos;, &apos;X-XSS-Protection&apos;: &apos;1; mode=block&apos;, &apos;Content-Security-Policy&apos;: &quot;default-src &apos;none&apos;; style-src &apos;unsafe-inline&apos;; sandbox&quot;, &apos;X-Cache-Hits&apos;: &apos;0&apos;, &apos;X-Frame-Options&apos;: &apos;deny&apos;, &apos;Access-Control-Allow-Origin&apos;: &apos;*&apos;, &apos;X-Served-By&apos;: &apos;cache-yul8923-YUL&apos;, &apos;X-GitHub-Request-Id&apos;: &apos;9286:1836:1AF65A:1DDF04:5C8A7EE0&apos;, &apos;Expires&apos;: &apos;Thu, 14 Mar 2019 16:23:40 GMT&apos;, &apos;X-Fastly-Request-ID&apos;: &apos;7833348d1b9dc5c09b856c6c2c63483075f7060e&apos;, &apos;Date&apos;: &apos;Thu, 14 Mar 2019 16:18:40 GMT&apos;, &apos;Source-Age&apos;: &apos;0&apos;, &apos;X-Cache&apos;: &apos;MISS&apos;, &apos;Accept-Ranges&apos;: &apos;bytes&apos;, &apos;Strict-Transport-Security&apos;: &apos;max-age=31536000&apos;, &apos;Connection&apos;: &apos;keep-alive&apos;, &apos;X-Geo-Block-List&apos;: &apos;&apos;, &apos;Via&apos;: &apos;1.1 varnish&apos;, &apos;X-Content-Type-Options&apos;: &apos;nosniff&apos;, &apos;Content-Encoding&apos;: &apos;gzip&apos;, &apos;X-Timer&apos;: &apos;S1552580321.706294,VS0,VE81&apos;, &apos;Vary&apos;: &apos;Authorization,Accept-Encoding&apos;, &apos;ETag&apos;: &apos;&quot;e0053a739c29b2544b981a1c6c57713e53b09cea&quot;&apos;, &apos;Cache-Control&apos;: &apos;max-age=300&apos;, &apos;Content-Type&apos;: &apos;text/plain; charset=utf-8&apos;}

================================================================================
Request Details:
  Request: GET https://raw.githubusercontent.com/crim-ca/testbed14/master/application-packages/WorkflowSimpleChain/Execute_WorkflowSimpleChain.json
  Payload: None
  Headers: {}
  Cookies: {}
  Status:  None (expected)
  Message: None (expected)
  Module:  requests

--------------------------------------------------------------------------------
Response Details:
  Status:  200 (received)
  Content: text/plain; charset=utf-8
  Payload: {
  &quot;mode&quot;: &quot;async&quot;,
  &quot;response&quot;: &quot;document&quot;,
  &quot;inputs&quot;: [
    {
      &quot;id&quot;: &quot;StartDate&quot;,
      &quot;data&quot;: &quot;2018-01-30T00:00:00.000Z&quot;
    },
    {
      &quot;id&quot;: &quot;EndDate&quot;,
      &quot;data&quot;: &quot;2018-01-31T23:59:59.999Z&quot;
    },
    {
      &quot;id&quot;: &quot;aoi&quot;,
      &quot;data&quot;: &quot;100.4,15.3,104.6,19.3&quot;
    },
    {
      &quot;id&quot;: &quot;collection&quot;,
      &quot;data&quot;: &quot;EOP:IPT:Sentinel2&quot;
    }
  ],
  &quot;outputs&quot;: [
    {
      &quot;id&quot;: &quot;output&quot;,
      &quot;transmissionMode&quot;: &quot;reference&quot;
    }
  ]
}

  Headers: {&apos;Content-Length&apos;: &apos;235&apos;, &apos;X-XSS-Protection&apos;: &apos;1; mode=block&apos;, &apos;Content-Security-Policy&apos;: &quot;default-src &apos;none&apos;; style-src &apos;unsafe-inline&apos;; sandbox&quot;, &apos;X-Cache-Hits&apos;: &apos;0&apos;, &apos;X-Frame-Options&apos;: &apos;deny&apos;, &apos;Access-Control-Allow-Origin&apos;: &apos;*&apos;, &apos;X-Served-By&apos;: &apos;cache-yul8924-YUL&apos;, &apos;X-GitHub-Request-Id&apos;: &apos;25DC:6F66:23E1E:29F7E:5C8A7EE0&apos;, &apos;Expires&apos;: &apos;Thu, 14 Mar 2019 16:23:40 GMT&apos;, &apos;X-Fastly-Request-ID&apos;: &apos;35dfe823d9e4eac99137bc5365903f75983b8d6b&apos;, &apos;Date&apos;: &apos;Thu, 14 Mar 2019 16:18:40 GMT&apos;, &apos;Source-Age&apos;: &apos;0&apos;, &apos;X-Cache&apos;: &apos;MISS&apos;, &apos;Accept-Ranges&apos;: &apos;bytes&apos;, &apos;Strict-Transport-Security&apos;: &apos;max-age=31536000&apos;, &apos;Connection&apos;: &apos;keep-alive&apos;, &apos;X-Geo-Block-List&apos;: &apos;&apos;, &apos;Via&apos;: &apos;1.1 varnish&apos;, &apos;X-Content-Type-Options&apos;: &apos;nosniff&apos;, &apos;Content-Encoding&apos;: &apos;gzip&apos;, &apos;X-Timer&apos;: &apos;S1552580321.816274,VS0,VE72&apos;, &apos;Vary&apos;: &apos;Authorization,Accept-Encoding&apos;, &apos;ETag&apos;: &apos;&quot;076433619945fadff8d3931a8486ffe1349d2a9c&quot;&apos;, &apos;Cache-Control&apos;: &apos;max-age=300&apos;, &apos;Content-Type&apos;: &apos;text/plain; charset=utf-8&apos;}

================================================================================
Request Details:
  Request: GET https://raw.githubusercontent.com/crim-ca/testbed14/master/application-packages/CustomWorkflow/DeployProcess_CustomWorkflow.json
  Payload: None
  Headers: {}
  Cookies: {}
  Status:  None (expected)
  Message: None (expected)
  Module:  requests

--------------------------------------------------------------------------------
Response Details:
  Status:  200 (received)
  Content: text/plain; charset=utf-8
  Payload: {
    &quot;processDescription&quot;: {
        &quot;process&quot;: {
            &quot;id&quot;: &quot;CustomWorkflow&quot;,
            &quot;title&quot;: &quot;Workflow&quot;,
            &quot;abstract&quot;: &quot;Workflow that stacks images from different OpenSearch queries for each of the Sentinel2, ProbaV and Deimos data sources, then runs SFS on the stacked image.&quot;,
            &quot;keywords&quot;: [],
            &quot;additionalParameters&quot;: [
            {
              &quot;role&quot;: &quot;http://www.opengis.net/eoc/applicationContext&quot;,
              &quot;parameters&quot;: [
                {
                  &quot;name&quot;: &quot;UniqueAOI&quot;,
                  &quot;values&quot;: [
                    &quot;false&quot;
                  ]
                },
                {
                  &quot;name&quot;: &quot;UniqueTOI&quot;,
                  &quot;values&quot;: [
                    &quot;false&quot;
                  ]
                }
              ]
            }],
            &quot;inputs&quot;: [{
				&quot;id&quot;: &quot;image-s2&quot;,
				&quot;title&quot;: &quot;Input Image&quot;,
				&quot;formats&quot;: [{
					&quot;mimeType&quot;: &quot;application/zip&quot;,
					&quot;default&quot;: true
				}],
				&quot;minOccurs&quot;: &quot;1&quot;,
				&quot;maxOccurs&quot;: &quot;2&quot;,
				&quot;additionalParameters&quot;: [{
					&quot;role&quot;: &quot;http://www.opengis.net/eoc/applicationContext/inputMetadata&quot;,
					&quot;parameters&quot;: [{
						&quot;name&quot;: &quot;EOImage&quot;,
						&quot;values&quot;: [&quot;true&quot;]
					}]
				}]
			},
			{
				&quot;id&quot;: &quot;image-probav&quot;,
				&quot;title&quot;: &quot;Input Image&quot;,
				&quot;formats&quot;: [{
					&quot;mimeType&quot;: &quot;application/zip&quot;,
					&quot;default&quot;: true
				},
				{
					&quot;mimeType&quot;: &quot;application/x-hdf&quot;
				},
				{
					&quot;mimeType&quot;: &quot;application/x-binary&quot;
				}],
				&quot;minOccurs&quot;: &quot;1&quot;,
				&quot;maxOccurs&quot;: &quot;2&quot;,
				&quot;additionalParameters&quot;: [{
					&quot;role&quot;: &quot;http://www.opengis.net/eoc/applicationContext/inputMetadata&quot;,
					&quot;parameters&quot;: [{
						&quot;name&quot;: &quot;EOImage&quot;,
						&quot;values&quot;: [&quot;true&quot;]
					}]
				}]
			},
            {
				&quot;id&quot;: &quot;image-deimos&quot;,
				&quot;title&quot;: &quot;Input Image&quot;,
				&quot;formats&quot;: [{
					&quot;mimeType&quot;: &quot;application/zip&quot;,
					&quot;default&quot;: true
				},
				{
					&quot;mimeType&quot;: &quot;image/tiff&quot;
				}],
				&quot;minOccurs&quot;: &quot;1&quot;,
				&quot;maxOccurs&quot;: &quot;2&quot;,
				&quot;additionalParameters&quot;: [{
					&quot;role&quot;: &quot;http://www.opengis.net/eoc/applicationContext/inputMetadata&quot;,
					&quot;parameters&quot;: [{
						&quot;name&quot;: &quot;EOImage&quot;,
						&quot;values&quot;: [&quot;true&quot;]
					}]
				}]
			}],
            &quot;outputs&quot;: [
                {
                    &quot;id&quot;: &quot;output&quot;,
                    &quot;title&quot;: &quot;Workflow SFS Image&quot;,
                    &quot;formats&quot;: [
                        {
                            &quot;mimeType&quot;: &quot;application/zip&quot;,
                            &quot;default&quot;: true
                        }
                    ]
                }
            ]
        },
        &quot;processVersion&quot;: &quot;1.0.0&quot;,
        &quot;jobControlOptions&quot;: [
            &quot;async-execute&quot;
        ],
        &quot;outputTransmission&quot;: [
            &quot;reference&quot;
        ]
    },
    &quot;executionUnit&quot;: [
        {
            &quot;href&quot;: &quot;https://raw.githubusercontent.com/crim-ca/testbed14/master/application-packages/Workflow/Workflow.cwl&quot;
        }
    ],
    &quot;deploymentProfileName&quot;: &quot;http://www.opengis.net/profiles/eoc/workflow&quot;
}

  Headers: {&apos;Content-Length&apos;: &apos;741&apos;, &apos;X-XSS-Protection&apos;: &apos;1; mode=block&apos;, &apos;Content-Security-Policy&apos;: &quot;default-src &apos;none&apos;; style-src &apos;unsafe-inline&apos;; sandbox&quot;, &apos;X-Cache-Hits&apos;: &apos;0&apos;, &apos;X-Frame-Options&apos;: &apos;deny&apos;, &apos;Access-Control-Allow-Origin&apos;: &apos;*&apos;, &apos;X-Served-By&apos;: &apos;cache-yul8923-YUL&apos;, &apos;X-GitHub-Request-Id&apos;: &apos;7E02:49EB:1A2C65:1D1668:5C8A7EE0&apos;, &apos;Expires&apos;: &apos;Thu, 14 Mar 2019 16:23:41 GMT&apos;, &apos;X-Fastly-Request-ID&apos;: &apos;5febb4e3f126af0a81c2f1a7b33e63f1ed4b8ac5&apos;, &apos;Date&apos;: &apos;Thu, 14 Mar 2019 16:18:41 GMT&apos;, &apos;Source-Age&apos;: &apos;0&apos;, &apos;X-Cache&apos;: &apos;MISS&apos;, &apos;Accept-Ranges&apos;: &apos;bytes&apos;, &apos;Strict-Transport-Security&apos;: &apos;max-age=31536000&apos;, &apos;Connection&apos;: &apos;keep-alive&apos;, &apos;X-Geo-Block-List&apos;: &apos;&apos;, &apos;Via&apos;: &apos;1.1 varnish&apos;, &apos;X-Content-Type-Options&apos;: &apos;nosniff&apos;, &apos;Content-Encoding&apos;: &apos;gzip&apos;, &apos;X-Timer&apos;: &apos;S1552580321.907634,VS0,VE95&apos;, &apos;Vary&apos;: &apos;Authorization,Accept-Encoding&apos;, &apos;ETag&apos;: &apos;&quot;150a38c53045f8c1acce9df846b60d133671fc11&quot;&apos;, &apos;Cache-Control&apos;: &apos;max-age=300&apos;, &apos;Content-Type&apos;: &apos;text/plain; charset=utf-8&apos;}

================================================================================
Request Details:
  Request: GET https://raw.githubusercontent.com/crim-ca/testbed14/master/application-packages/CustomWorkflow/Execute_CustomWorkflow.json
  Payload: None
  Headers: {}
  Cookies: {}
  Status:  None (expected)
  Message: None (expected)
  Module:  requests

--------------------------------------------------------------------------------
Response Details:
  Status:  200 (received)
  Content: text/plain; charset=utf-8
  Payload: {
  &quot;mode&quot;: &quot;async&quot;,
  &quot;response&quot;: &quot;document&quot;,
  &quot;inputs&quot;: [
    {
      &quot;id&quot;: &quot;StartDate_image-s2&quot;,
      &quot;data&quot;: &quot;2018-01-30T00:00:00.000Z&quot;
    },
    {
      &quot;id&quot;: &quot;EndDate_image-s2&quot;,
      &quot;data&quot;: &quot;2018-01-31T23:00:59.000Z&quot;
    },
    {
      &quot;id&quot;: &quot;StartDate_image-probav&quot;,
      &quot;data&quot;: &quot;2018-01-30T00:00:00.000Z&quot;
    },
    {
      &quot;id&quot;: &quot;EndDate_image-probav&quot;,
      &quot;data&quot;: &quot;2018-01-31T23:00:59.000Z&quot;
    },
    {
      &quot;id&quot;: &quot;StartDate_image-deimos&quot;,
      &quot;data&quot;: &quot;2016-09-03T23:00:00Z&quot;
    },
    {
      &quot;id&quot;: &quot;EndDate_image-deimos&quot;,
      &quot;data&quot;: &quot;2016-09-06T20:00:00Z&quot;
    },
    {
      &quot;id&quot;: &quot;aoi_image-s2&quot;,
      &quot;data&quot;: &quot;100.4,18.3,104.6,19.3&quot;
    },
    {
      &quot;id&quot;: &quot;aoi_image-probav&quot;,
      &quot;data&quot;: &quot;100.4,18.3,104.6,19.3&quot;
    },
    {
      &quot;id&quot;: &quot;aoi_image-deimos&quot;,
      &quot;data&quot;: &quot;-95,29.8,-95.5,30&quot;
    },
    {
      &quot;id&quot;: &quot;image-s2_collection&quot;,
      &quot;data&quot; :&quot;EOP:IPT:Sentinel2&quot;
    },
    {
      &quot;id&quot;: &quot;image-probav_collection&quot;,
      &quot;data&quot; :&quot;EOP:VITO:PROBAV_S1-TOA_1KM_V001&quot;
    },
    {
      &quot;id&quot;: &quot;image-deimos_collection&quot;,
      &quot;data&quot;: &quot;DE2_MS4_L1B&quot;
    }
  ],
  &quot;outputs&quot;: [
    {
      &quot;id&quot;: &quot;output&quot;,
      &quot;transmissionMode&quot;: &quot;reference&quot;
    }
  ]
}
  Headers: {&apos;Content-Length&apos;: &apos;356&apos;, &apos;X-XSS-Protection&apos;: &apos;1; mode=block&apos;, &apos;Content-Security-Policy&apos;: &quot;default-src &apos;none&apos;; style-src &apos;unsafe-inline&apos;; sandbox&quot;, &apos;X-Cache-Hits&apos;: &apos;0&apos;, &apos;X-Frame-Options&apos;: &apos;deny&apos;, &apos;Access-Control-Allow-Origin&apos;: &apos;*&apos;, &apos;X-Served-By&apos;: &apos;cache-yul8923-YUL&apos;, &apos;X-GitHub-Request-Id&apos;: &apos;25DC:6F66:23E1F:29F7F:5C8A7EE0&apos;, &apos;Expires&apos;: &apos;Thu, 14 Mar 2019 16:23:41 GMT&apos;, &apos;X-Fastly-Request-ID&apos;: &apos;168f3a533963e82cc72cdbc38aecde5124969138&apos;, &apos;Date&apos;: &apos;Thu, 14 Mar 2019 16:18:41 GMT&apos;, &apos;Source-Age&apos;: &apos;0&apos;, &apos;X-Cache&apos;: &apos;MISS&apos;, &apos;Accept-Ranges&apos;: &apos;bytes&apos;, &apos;Strict-Transport-Security&apos;: &apos;max-age=31536000&apos;, &apos;Connection&apos;: &apos;keep-alive&apos;, &apos;X-Geo-Block-List&apos;: &apos;&apos;, &apos;Via&apos;: &apos;1.1 varnish&apos;, &apos;X-Content-Type-Options&apos;: &apos;nosniff&apos;, &apos;Content-Encoding&apos;: &apos;gzip&apos;, &apos;X-Timer&apos;: &apos;S1552580321.037117,VS0,VE68&apos;, &apos;Vary&apos;: &apos;Authorization,Accept-Encoding&apos;, &apos;ETag&apos;: &apos;&quot;ba46b60c255a4d5944d72e5f378439cb8db5efb2&quot;&apos;, &apos;Cache-Control&apos;: &apos;max-age=300&apos;, &apos;Content-Type&apos;: &apos;text/plain; charset=utf-8&apos;}

================================================================================
Request Details:
  Request: GET https://raw.githubusercontent.com/crim-ca/testbed14/master/application-packages/WorkflowSubsetIceDays/DeployProcess_WorkflowSubsetIceDays.json
  Payload: None
  Headers: {}
  Cookies: {}
  Status:  None (expected)
  Message: None (expected)
  Module:  requests

--------------------------------------------------------------------------------
Response Details:
  Status:  404 (received)
  Content: None
  Payload: 404: Not Found

  Headers: {&apos;X-Timer&apos;: &apos;S1552580321.135778,VS0,VE84&apos;, &apos;Content-Length&apos;: &apos;15&apos;, &apos;X-XSS-Protection&apos;: &apos;1; mode=block&apos;, &apos;Content-Security-Policy&apos;: &quot;default-src &apos;none&apos;; style-src &apos;unsafe-inline&apos;; sandbox&quot;, &apos;X-Content-Type-Options&apos;: &apos;nosniff&apos;, &apos;X-Fastly-Request-ID&apos;: &apos;df4a4405a0870f1f4d52ecbb7ed4855a10ff9253&apos;, &apos;X-Cache&apos;: &apos;MISS&apos;, &apos;X-GitHub-Request-Id&apos;: &apos;E588:3942:1D23C0:202F92:5C8A7EE0&apos;, &apos;Accept-Ranges&apos;: &apos;bytes&apos;, &apos;Strict-Transport-Security&apos;: &apos;max-age=31536000&apos;, &apos;Vary&apos;: &apos;Authorization,Accept-Encoding&apos;, &apos;X-Served-By&apos;: &apos;cache-yul8926-YUL&apos;, &apos;Connection&apos;: &apos;keep-alive&apos;, &apos;Via&apos;: &apos;1.1 varnish&apos;, &apos;X-Cache-Hits&apos;: &apos;0&apos;, &apos;Expires&apos;: &apos;Thu, 14 Mar 2019 16:23:41 GMT&apos;, &apos;Date&apos;: &apos;Thu, 14 Mar 2019 16:18:41 GMT&apos;, &apos;Source-Age&apos;: &apos;0&apos;, &apos;X-Frame-Options&apos;: &apos;deny&apos;, &apos;Access-Control-Allow-Origin&apos;: &apos;*&apos;}

--------------------------------------------------------------------------------
Response Assertion Failed:
Unexpected HTTP Status: 404 Not Found [Invalid payload not retrieved., 404: Not Found
] from [GET https://raw.githubusercontent.com/crim-ca/testbed14/master/application-packages/WorkflowSubsetIceDays/DeployProcess_WorkflowSubsetIceDays.json None]
Traceback (most recent call last):
  File &quot;/home/francis/VISI/PAVICS/weaver/tests/functional/test_ems_end2end.py&quot;, line 505, in assert_test
    assert assert_test(), message
AssertionError: Unexpected HTTP Status: 404 Not Found [Invalid payload not retrieved., 404: Not Found
  ] from [GET https://raw.githubusercontent.com/crim-ca/testbed14/master/application-packages/WorkflowSubsetIceDays/DeployProcess_WorkflowSubsetIceDays.json None]
assert False
 +  where False = &lt;function &lt;lambda&gt; at 0x7fb9a081ed70&gt;()
</system-err></testcase><testcase classname="tests.functional.test_ems_end2end.End2EndEMSTestCase" file="tests/functional/test_ems_end2end.py" line="649" name="test_demo_workflow_custom" time="0.000"><error message="test setup failure">Traceback (most recent call last):
  File &quot;/home/francis/VISI/PAVICS/weaver/tests/functional/test_ems_end2end.py&quot;, line 157, in setUpClass
    cls.setup_test_processes()
  File &quot;/home/francis/VISI/PAVICS/weaver/tests/functional/test_ems_end2end.py&quot;, line 238, in setup_test_processes
    cls.test_processes_info.update({process: cls.retrieve_process_info(process)})
  File &quot;/home/francis/VISI/PAVICS/weaver/tests/functional/test_ems_end2end.py&quot;, line 273, in retrieve_process_info
    deploy_payload = cls.retrieve_payload(deploy_path)
  File &quot;/home/francis/VISI/PAVICS/weaver/tests/functional/test_ems_end2end.py&quot;, line 302, in retrieve_payload
    cls.assert_response(resp, message=&quot;Invalid payload not retrieved.&quot;)
  File &quot;/home/francis/VISI/PAVICS/weaver/tests/functional/test_ems_end2end.py&quot;, line 498, in assert_response
    message=msg, title=&quot;Response Assertion Failed&quot;)
  File &quot;/home/francis/VISI/PAVICS/weaver/tests/functional/test_ems_end2end.py&quot;, line 505, in assert_test
    assert assert_test(), message
AssertionError: Unexpected HTTP Status: 404 Not Found [Invalid payload not retrieved., 404: Not Found
  ] from [GET https://raw.githubusercontent.com/crim-ca/testbed14/master/application-packages/WorkflowSubsetIceDays/DeployProcess_WorkflowSubsetIceDays.json None]
assert False
 +  where False = &lt;function &lt;lambda&gt; at 0x7fb9a081ed70&gt;()</error></testcase><testcase classname="tests.functional.test_ems_end2end.End2EndEMSTestCase" file="tests/functional/test_ems_end2end.py" line="653" name="test_demo_workflow_flood_detection" time="0.000"><error message="test setup failure">Traceback (most recent call last):
  File &quot;/home/francis/VISI/PAVICS/weaver/tests/functional/test_ems_end2end.py&quot;, line 157, in setUpClass
    cls.setup_test_processes()
  File &quot;/home/francis/VISI/PAVICS/weaver/tests/functional/test_ems_end2end.py&quot;, line 238, in setup_test_processes
    cls.test_processes_info.update({process: cls.retrieve_process_info(process)})
  File &quot;/home/francis/VISI/PAVICS/weaver/tests/functional/test_ems_end2end.py&quot;, line 273, in retrieve_process_info
    deploy_payload = cls.retrieve_payload(deploy_path)
  File &quot;/home/francis/VISI/PAVICS/weaver/tests/functional/test_ems_end2end.py&quot;, line 302, in retrieve_payload
    cls.assert_response(resp, message=&quot;Invalid payload not retrieved.&quot;)
  File &quot;/home/francis/VISI/PAVICS/weaver/tests/functional/test_ems_end2end.py&quot;, line 498, in assert_response
    message=msg, title=&quot;Response Assertion Failed&quot;)
  File &quot;/home/francis/VISI/PAVICS/weaver/tests/functional/test_ems_end2end.py&quot;, line 505, in assert_test
    assert assert_test(), message
AssertionError: Unexpected HTTP Status: 404 Not Found [Invalid payload not retrieved., 404: Not Found
  ] from [GET https://raw.githubusercontent.com/crim-ca/testbed14/master/application-packages/WorkflowSubsetIceDays/DeployProcess_WorkflowSubsetIceDays.json None]
assert False
 +  where False = &lt;function &lt;lambda&gt; at 0x7fb9a081ed70&gt;()</error></testcase><testcase classname="tests.functional.test_ems_end2end.End2EndEMSTestCase" file="tests/functional/test_ems_end2end.py" line="641" name="test_demo_workflow_simple_chain" time="0.000"><error message="test setup failure">Traceback (most recent call last):
  File &quot;/home/francis/VISI/PAVICS/weaver/tests/functional/test_ems_end2end.py&quot;, line 157, in setUpClass
    cls.setup_test_processes()
  File &quot;/home/francis/VISI/PAVICS/weaver/tests/functional/test_ems_end2end.py&quot;, line 238, in setup_test_processes
    cls.test_processes_info.update({process: cls.retrieve_process_info(process)})
  File &quot;/home/francis/VISI/PAVICS/weaver/tests/functional/test_ems_end2end.py&quot;, line 273, in retrieve_process_info
    deploy_payload = cls.retrieve_payload(deploy_path)
  File &quot;/home/francis/VISI/PAVICS/weaver/tests/functional/test_ems_end2end.py&quot;, line 302, in retrieve_payload
    cls.assert_response(resp, message=&quot;Invalid payload not retrieved.&quot;)
  File &quot;/home/francis/VISI/PAVICS/weaver/tests/functional/test_ems_end2end.py&quot;, line 498, in assert_response
    message=msg, title=&quot;Response Assertion Failed&quot;)
  File &quot;/home/francis/VISI/PAVICS/weaver/tests/functional/test_ems_end2end.py&quot;, line 505, in assert_test
    assert assert_test(), message
AssertionError: Unexpected HTTP Status: 404 Not Found [Invalid payload not retrieved., 404: Not Found
  ] from [GET https://raw.githubusercontent.com/crim-ca/testbed14/master/application-packages/WorkflowSubsetIceDays/DeployProcess_WorkflowSubsetIceDays.json None]
assert False
 +  where False = &lt;function &lt;lambda&gt; at 0x7fb9a081ed70&gt;()</error></testcase><testcase classname="tests.functional.test_ems_end2end.End2EndEMSTestCase" file="tests/functional/test_ems_end2end.py" line="551" name="test_end2end" time="0.000"><error message="test setup failure">Traceback (most recent call last):
  File &quot;/home/francis/VISI/PAVICS/weaver/tests/functional/test_ems_end2end.py&quot;, line 157, in setUpClass
    cls.setup_test_processes()
  File &quot;/home/francis/VISI/PAVICS/weaver/tests/functional/test_ems_end2end.py&quot;, line 238, in setup_test_processes
    cls.test_processes_info.update({process: cls.retrieve_process_info(process)})
  File &quot;/home/francis/VISI/PAVICS/weaver/tests/functional/test_ems_end2end.py&quot;, line 273, in retrieve_process_info
    deploy_payload = cls.retrieve_payload(deploy_path)
  File &quot;/home/francis/VISI/PAVICS/weaver/tests/functional/test_ems_end2end.py&quot;, line 302, in retrieve_payload
    cls.assert_response(resp, message=&quot;Invalid payload not retrieved.&quot;)
  File &quot;/home/francis/VISI/PAVICS/weaver/tests/functional/test_ems_end2end.py&quot;, line 498, in assert_response
    message=msg, title=&quot;Response Assertion Failed&quot;)
  File &quot;/home/francis/VISI/PAVICS/weaver/tests/functional/test_ems_end2end.py&quot;, line 505, in assert_test
    assert assert_test(), message
AssertionError: Unexpected HTTP Status: 404 Not Found [Invalid payload not retrieved., 404: Not Found
  ] from [GET https://raw.githubusercontent.com/crim-ca/testbed14/master/application-packages/WorkflowSubsetIceDays/DeployProcess_WorkflowSubsetIceDays.json None]
assert False
 +  where False = &lt;function &lt;lambda&gt; at 0x7fb9a081ed70&gt;()</error></testcase><testcase classname="tests.functional.test_ems_end2end.End2EndEMSTestCase" file="tests/functional/test_ems_end2end.py" line="638" name="test_workflow_wps1_requirements" time="0.001"><error message="test setup failure">Traceback (most recent call last):
  File &quot;/home/francis/VISI/PAVICS/weaver/tests/functional/test_ems_end2end.py&quot;, line 157, in setUpClass
    cls.setup_test_processes()
  File &quot;/home/francis/VISI/PAVICS/weaver/tests/functional/test_ems_end2end.py&quot;, line 238, in setup_test_processes
    cls.test_processes_info.update({process: cls.retrieve_process_info(process)})
  File &quot;/home/francis/VISI/PAVICS/weaver/tests/functional/test_ems_end2end.py&quot;, line 273, in retrieve_process_info
    deploy_payload = cls.retrieve_payload(deploy_path)
  File &quot;/home/francis/VISI/PAVICS/weaver/tests/functional/test_ems_end2end.py&quot;, line 302, in retrieve_payload
    cls.assert_response(resp, message=&quot;Invalid payload not retrieved.&quot;)
  File &quot;/home/francis/VISI/PAVICS/weaver/tests/functional/test_ems_end2end.py&quot;, line 498, in assert_response
    message=msg, title=&quot;Response Assertion Failed&quot;)
  File &quot;/home/francis/VISI/PAVICS/weaver/tests/functional/test_ems_end2end.py&quot;, line 505, in assert_test
    assert assert_test(), message
AssertionError: Unexpected HTTP Status: 404 Not Found [Invalid payload not retrieved., 404: Not Found
  ] from [GET https://raw.githubusercontent.com/crim-ca/testbed14/master/application-packages/WorkflowSubsetIceDays/DeployProcess_WorkflowSubsetIceDays.json None]
assert False
 +  where False = &lt;function &lt;lambda&gt; at 0x7fb9a081ed70&gt;()</error></testcase><testcase classname="tests.functional.test_wps_app.WpsAppTest" file="tests/functional/test_wps_app.py" line="83" name="test_describeprocess" time="0.144"></testcase><testcase classname="tests.functional.test_wps_app.WpsAppTest" file="tests/functional/test_wps_app.py" line="91" name="test_describeprocess_filtered_processes_by_visibility" time="0.160"></testcase><testcase classname="tests.functional.test_wps_app.WpsAppTest" file="tests/functional/test_wps_app.py" line="107" name="test_execute_allowed" time="0.161"></testcase><testcase classname="tests.functional.test_wps_app.WpsAppTest" file="tests/functional/test_wps_app.py" line="116" name="test_execute_with_visibility" time="0.185"></testcase><testcase classname="tests.functional.test_wps_app.WpsAppTest" file="tests/functional/test_wps_app.py" line="62" name="test_getcaps" time="0.125"></testcase><testcase classname="tests.functional.test_wps_app.WpsAppTest" file="tests/functional/test_wps_app.py" line="69" name="test_getcaps_filtered_processes_by_visibility" time="0.157"></testcase><testcase classname="tests.processes.test_wps_package" file="tests/processes/test_wps_package.py" line="5" name="test_null" time="0.001"></testcase><testcase classname="tests.restapi.test_api.GenericApiRoutesTestCase" file="tests/restapi/test_api.py" line="27" name="test_frontpage_format" time="0.063"></testcase><testcase classname="tests.restapi.test_api.GenericApiRoutesTestCase" file="tests/restapi/test_api.py" line="66" name="test_status_not_found_and_method_not_allowed" time="0.004"></testcase><testcase classname="tests.restapi.test_api.GenericApiRoutesTestCase" file="tests/restapi/test_api.py" line="57" name="test_status_unauthorized_and_forbidden" time="0.004"></testcase><testcase classname="tests.restapi.test_api.GenericApiRoutesTestCase" file="tests/restapi/test_api.py" line="43" name="test_swagger_api_format" time="0.037"></testcase><testcase classname="tests.restapi.test_api.GenericApiRoutesTestCase" file="tests/restapi/test_api.py" line="35" name="test_version_format" time="0.001"></testcase><testcase classname="tests.restapi.test_api.RebasedApiRoutesTestCase" file="tests/restapi/test_api.py" line="116" name="test_swagger_api_request_base_path_original" time="0.079"></testcase><testcase classname="tests.restapi.test_api.RebasedApiRoutesTestCase" file="tests/restapi/test_api.py" line="96" name="test_swagger_api_request_base_path_proxied" time="0.017"></testcase><testcase classname="tests.restapi.test_jobs.WpsRestApiJobsTest" file="tests/restapi/test_jobs.py" line="192" name="test_get_jobs_detail" time="0.324"></testcase><testcase classname="tests.restapi.test_jobs.WpsRestApiJobsTest" file="tests/restapi/test_jobs.py" line="179" name="test_get_jobs_normal" time="0.228"></testcase><testcase classname="tests.restapi.test_jobs.WpsRestApiJobsTest" file="tests/restapi/test_jobs.py" line="248" name="test_get_jobs_private_process_not_returned_in_query" time="0.167"></testcase><testcase classname="tests.restapi.test_jobs.WpsRestApiJobsTest" file="tests/restapi/test_jobs.py" line="242" name="test_get_jobs_private_process_unauthorized_in_path" time="0.229"></testcase><testcase classname="tests.restapi.test_jobs.WpsRestApiJobsTest" file="tests/restapi/test_jobs.py" line="266" name="test_get_jobs_private_service_public_process_unauthorized_in_path" time="0.190"></testcase><testcase classname="tests.restapi.test_jobs.WpsRestApiJobsTest" file="tests/restapi/test_jobs.py" line="272" name="test_get_jobs_private_service_public_process_unauthorized_in_query" time="0.256"></testcase><testcase classname="tests.restapi.test_jobs.WpsRestApiJobsTest" file="tests/restapi/test_jobs.py" line="222" name="test_get_jobs_process_in_path_detail" time="0.189"></testcase><testcase classname="tests.restapi.test_jobs.WpsRestApiJobsTest" file="tests/restapi/test_jobs.py" line="215" name="test_get_jobs_process_in_path_normal" time="0.257"></testcase><testcase classname="tests.restapi.test_jobs.WpsRestApiJobsTest" file="tests/restapi/test_jobs.py" line="207" name="test_get_jobs_process_in_query_detail" time="0.183"></testcase><testcase classname="tests.restapi.test_jobs.WpsRestApiJobsTest" file="tests/restapi/test_jobs.py" line="200" name="test_get_jobs_process_in_query_normal" time="0.177"></testcase><testcase classname="tests.restapi.test_jobs.WpsRestApiJobsTest" file="tests/restapi/test_jobs.py" line="230" name="test_get_jobs_process_unknown_in_path" time="0.313"></testcase><testcase classname="tests.restapi.test_jobs.WpsRestApiJobsTest" file="tests/restapi/test_jobs.py" line="236" name="test_get_jobs_process_unknown_in_query" time="0.589"></testcase><testcase classname="tests.restapi.test_jobs.WpsRestApiJobsTest" file="tests/utils.py" line="49" name="test_get_jobs_public_service_no_processes" time="0.184"></testcase><testcase classname="tests.restapi.test_jobs.WpsRestApiJobsTest" file="tests/utils.py" line="49" name="test_get_jobs_public_service_private_process_unauthorized_in_query" time="0.220"></testcase><testcase classname="tests.restapi.test_jobs.WpsRestApiJobsTest" file="tests/utils.py" line="49" name="test_get_jobs_public_with_access_and_request_user" time="0.220"></testcase><testcase classname="tests.restapi.test_jobs.WpsRestApiJobsTest" file="tests/restapi/test_jobs.py" line="254" name="test_get_jobs_service_and_process_unknown_in_path" time="0.246"></testcase><testcase classname="tests.restapi.test_jobs.WpsRestApiJobsTest" file="tests/restapi/test_jobs.py" line="260" name="test_get_jobs_service_and_process_unknown_in_query" time="0.164"></testcase><testcase classname="tests.restapi.test_processes.WpsRestApiProcessesTest" file="tests/restapi/test_processes.py" line="496" name="test_delete_process_bad_name" time="0.278"></testcase><testcase classname="tests.restapi.test_processes.WpsRestApiProcessesTest" file="tests/restapi/test_processes.py" line="484" name="test_delete_process_not_accessible" time="0.044"></testcase><testcase classname="tests.restapi.test_processes.WpsRestApiProcessesTest" file="tests/restapi/test_processes.py" line="490" name="test_delete_process_not_found" time="0.049"></testcase><testcase classname="tests.restapi.test_processes.WpsRestApiProcessesTest" file="tests/restapi/test_processes.py" line="474" name="test_delete_process_success" time="0.044"></testcase><testcase classname="tests.restapi.test_processes.WpsRestApiProcessesTest" file="tests/restapi/test_processes.py" line="362" name="test_deploy_process_CWL_DockerRequirement_executionUnit" time="0.000"><skipped message="not implemented" type="pytest.skip">tests/restapi/test_processes.py:362: not implemented</skipped></testcase><testcase classname="tests.restapi.test_processes.WpsRestApiProcessesTest" file="tests/restapi/test_processes.py" line="353" name="test_deploy_process_CWL_DockerRequirement_href" time="0.000"><skipped message="not implemented" type="pytest.skip">tests/restapi/test_processes.py:353: not implemented</skipped></testcase><testcase classname="tests.restapi.test_processes.WpsRestApiProcessesTest" file="tests/restapi/test_processes.py" line="358" name="test_deploy_process_CWL_DockerRequirement_owsContext" time="0.000"><skipped message="not implemented" type="pytest.skip">tests/restapi/test_processes.py:358: not implemented</skipped></testcase><testcase classname="tests.restapi.test_processes.WpsRestApiProcessesTest" file="tests/restapi/test_processes.py" line="374" name="test_deploy_process_CWL_WPS1Requirement_executionUnit" time="0.000"><skipped message="not implemented" type="pytest.skip">tests/restapi/test_processes.py:374: not implemented</skipped></testcase><testcase classname="tests.restapi.test_processes.WpsRestApiProcessesTest" file="tests/restapi/test_processes.py" line="366" name="test_deploy_process_CWL_WPS1Requirement_href" time="0.000"><skipped message="not implemented" type="pytest.skip">tests/restapi/test_processes.py:366: not implemented</skipped></testcase><testcase classname="tests.restapi.test_processes.WpsRestApiProcessesTest" file="tests/restapi/test_processes.py" line="370" name="test_deploy_process_CWL_WPS1Requirement_owsContext" time="0.000"><skipped message="not implemented" type="pytest.skip">tests/restapi/test_processes.py:370: not implemented</skipped></testcase><testcase classname="tests.restapi.test_processes.WpsRestApiProcessesTest" file="tests/restapi/test_processes.py" line="54" name="test_deploy_process_WPS1_DescribeProcess_executionUnit" time="0.634"><system-err>Resolved &apos;/tmp/tmp7cM3HK/package&apos; to &apos;file:///tmp/tmp7cM3HK/package&apos;
../../../../../tmp/tmp7cM3HK/package:1:297:   checking item
../../../../../tmp/tmp7cM3HK/package:1:297:     Field `class` contains undefined reference to `file:///tmp/tmp7cM3HK/WPS1Requirement`
../../../../../tmp/tmp7cM3HK/package:1:297: Unknown hint file:///tmp/tmp7cM3HK/WPS1Requirement
</system-err></testcase><testcase classname="tests.restapi.test_processes.WpsRestApiProcessesTest" file="tests/restapi/test_processes.py" line="54" name="test_deploy_process_WPS1_DescribeProcess_href" time="0.398"><system-err>Resolved &apos;/tmp/tmpoyyFsx/package&apos; to &apos;file:///tmp/tmpoyyFsx/package&apos;
../../../../../tmp/tmpoyyFsx/package:1:297:   checking item
../../../../../tmp/tmpoyyFsx/package:1:297:     Field `class` contains undefined reference to `file:///tmp/tmpoyyFsx/WPS1Requirement`
../../../../../tmp/tmpoyyFsx/package:1:297: Unknown hint file:///tmp/tmpoyyFsx/WPS1Requirement
</system-err></testcase><testcase classname="tests.restapi.test_processes.WpsRestApiProcessesTest" file="tests/restapi/test_processes.py" line="54" name="test_deploy_process_WPS1_DescribeProcess_owsContext" time="0.420"><system-err>Resolved &apos;/tmp/tmpvgb3aG/package&apos; to &apos;file:///tmp/tmpvgb3aG/package&apos;
../../../../../tmp/tmpvgb3aG/package:1:297:   checking item
../../../../../tmp/tmpvgb3aG/package:1:297:     Field `class` contains undefined reference to `file:///tmp/tmpvgb3aG/WPS1Requirement`
../../../../../tmp/tmpvgb3aG/package:1:297: Unknown hint file:///tmp/tmpvgb3aG/WPS1Requirement
</system-err></testcase><testcase classname="tests.restapi.test_processes.WpsRestApiProcessesTest" file="tests/restapi/test_processes.py" line="447" name="test_deploy_process_WPS1_GetCapabilities_executionUnit" time="0.000"><skipped message="not implemented" type="pytest.skip">tests/restapi/test_processes.py:447: not implemented</skipped></testcase><testcase classname="tests.restapi.test_processes.WpsRestApiProcessesTest" file="tests/restapi/test_processes.py" line="420" name="test_deploy_process_WPS1_GetCapabilities_href" time="0.000"><skipped message="not implemented" type="pytest.skip">tests/restapi/test_processes.py:420: not implemented</skipped></testcase><testcase classname="tests.restapi.test_processes.WpsRestApiProcessesTest" file="tests/restapi/test_processes.py" line="432" name="test_deploy_process_WPS1_GetCapabilities_owsContext" time="0.000"><skipped message="not implemented" type="pytest.skip">tests/restapi/test_processes.py:432: not implemented</skipped></testcase><testcase classname="tests.restapi.test_processes.WpsRestApiProcessesTest" file="tests/restapi/test_processes.py" line="470" name="test_deploy_process_WPS2_DescribeProcess_executionUnit" time="0.000"><skipped message="not implemented" type="pytest.skip">tests/restapi/test_processes.py:470: not implemented</skipped></testcase><testcase classname="tests.restapi.test_processes.WpsRestApiProcessesTest" file="tests/restapi/test_processes.py" line="462" name="test_deploy_process_WPS2_DescribeProcess_href" time="0.000"><skipped message="not implemented" type="pytest.skip">tests/restapi/test_processes.py:462: not implemented</skipped></testcase><testcase classname="tests.restapi.test_processes.WpsRestApiProcessesTest" file="tests/restapi/test_processes.py" line="466" name="test_deploy_process_WPS2_DescribeProcess_owsContext" time="0.000"><skipped message="not implemented" type="pytest.skip">tests/restapi/test_processes.py:466: not implemented</skipped></testcase><testcase classname="tests.restapi.test_processes.WpsRestApiProcessesTest" file="tests/utils.py" line="49" name="test_deploy_process_bad_name" time="0.039"></testcase><testcase classname="tests.restapi.test_processes.WpsRestApiProcessesTest" file="tests/utils.py" line="49" name="test_deploy_process_conflict" time="0.050"></testcase><testcase classname="tests.restapi.test_processes.WpsRestApiProcessesTest" file="tests/utils.py" line="49" name="test_deploy_process_default_endpoint_wps1" time="0.068"></testcase><testcase classname="tests.restapi.test_processes.WpsRestApiProcessesTest" file="tests/utils.py" line="49" name="test_deploy_process_missing_or_invalid_components" time="0.083"></testcase><testcase classname="tests.restapi.test_processes.WpsRestApiProcessesTest" file="tests/utils.py" line="49" name="test_deploy_process_success" time="0.063"></testcase><testcase classname="tests.restapi.test_processes.WpsRestApiProcessesTest" file="tests/restapi/test_processes.py" line="213" name="test_describe_process_visibility_private" time="0.131"></testcase><testcase classname="tests.restapi.test_processes.WpsRestApiProcessesTest" file="tests/restapi/test_processes.py" line="207" name="test_describe_process_visibility_public" time="0.049"></testcase><testcase classname="tests.restapi.test_processes.WpsRestApiProcessesTest" file="tests/restapi/test_processes.py" line="529" name="test_execute_process_missing_required_params" time="0.057"></testcase><testcase classname="tests.restapi.test_processes.WpsRestApiProcessesTest" file="../../../DEV/conda/envs/weaver/lib/python2.7/unittest/case.py" line="87" name="test_execute_process_mode_sync_not_supported" time="0.047"><skipped message="expected test failure">reason: </skipped></testcase><testcase classname="tests.restapi.test_processes.WpsRestApiProcessesTest" file="tests/utils.py" line="49" name="test_execute_process_no_error_not_required_params" time="0.083"></testcase><testcase classname="tests.restapi.test_processes.WpsRestApiProcessesTest" file="tests/restapi/test_processes.py" line="523" name="test_execute_process_no_json_body" time="0.060"></testcase><testcase classname="tests.restapi.test_processes.WpsRestApiProcessesTest" file="tests/restapi/test_processes.py" line="594" name="test_execute_process_not_visible" time="0.040"></testcase><testcase classname="tests.restapi.test_processes.WpsRestApiProcessesTest" file="tests/utils.py" line="49" name="test_execute_process_success" time="0.085"></testcase><testcase classname="tests.restapi.test_processes.WpsRestApiProcessesTest" file="../../../DEV/conda/envs/weaver/lib/python2.7/unittest/case.py" line="87" name="test_execute_process_transmission_mode_value_not_supported" time="0.083"><skipped message="expected test failure">reason: </skipped></testcase><testcase classname="tests.restapi.test_processes.WpsRestApiProcessesTest" file="tests/restapi/test_processes.py" line="610" name="test_get_process_visibility_not_found" time="0.051"></testcase><testcase classname="tests.restapi.test_processes.WpsRestApiProcessesTest" file="tests/restapi/test_processes.py" line="601" name="test_get_process_visibility_success" time="0.059"></testcase><testcase classname="tests.restapi.test_processes.WpsRestApiProcessesTest" file="tests/restapi/test_processes.py" line="165" name="test_get_processes" time="0.041"></testcase><testcase classname="tests.restapi.test_processes.WpsRestApiProcessesTest" file="tests/utils.py" line="49" name="test_get_processes_invalid_schemas_handled" time="0.055"></testcase><testcase classname="tests.restapi.test_processes.WpsRestApiProcessesTest" file="tests/restapi/test_processes.py" line="648" name="test_set_process_visibility_bad_formats" time="0.056"></testcase><testcase classname="tests.restapi.test_processes.WpsRestApiProcessesTest" file="tests/restapi/test_processes.py" line="616" name="test_set_process_visibility_success" time="0.057"></testcase><testcase classname="tests.restapi.test_status_codes.StatusCodeTestCase" file="tests/restapi/test_status_codes.py" line="65" name="test_200" time="0.257"></testcase><testcase classname="tests.restapi.test_status_codes.StatusCodeTestCase" file="../../../DEV/conda/envs/weaver/lib/python2.7/unittest/case.py" line="87" name="test_401" time="0.080"><skipped message="expected test failure">reason: </skipped></testcase><testcase classname="tests.restapi.test_status_codes.StatusCodeTestCase" file="tests/restapi/test_status_codes.py" line="77" name="test_404" time="0.077"></testcase></testsuite>